// Jest Snapshot v1, https://goo.gl/fbAQLP

exports[`<Container /> Should be able to render correctly 1`] = `
.c0 {
  max-width: 120rem;
  margin: 0 auto;
}

@media (max-width:1170px) {
  .c0 {
    padding: 0 1.6rem;
  }
}

<div>
  <div
    class="c0"
  />
</div>
`;
